[corrow-checker/src/lower.rs:143] "-- resetting terminator ignored --" = "-- resetting terminator ignored --"